// Jest Snapshot v1, https://goo.gl/fbAQLP

exports[`Game should render 1`] = `
<div
  className="game"
>
  <Board
    onClick={[Function]}
    squares={
      Array [
        "",
        "",
        "",
        "",
        "",
        "",
        "",
        "",
        "",
      ]
    }
  />
  <Component
    moves={
      Array [
        <Unknown
          onClick={[Function]}
          step={0}
        />,
      ]
    }
    status="Next player: X"
  />
</div>
`;
