// Jest Snapshot v1, https://goo.gl/fbAQLP

exports[`Board renders 1`] = `
<div
  className="game-board"
>
  <div
    className="board-row"
    key="0"
  >
    <Square
      key="0"
      onClick={[Function]}
      value=""
    />
    <Square
      key="1"
      onClick={[Function]}
      value=""
    />
    <Square
      key="2"
      onClick={[Function]}
      value=""
    />
  </div>
  <div
    className="board-row"
    key="1"
  >
    <Square
      key="3"
      onClick={[Function]}
    />
    <Square
      key="4"
      onClick={[Function]}
    />
    <Square
      key="5"
      onClick={[Function]}
    />
  </div>
  <div
    className="board-row"
    key="2"
  >
    <Square
      key="6"
      onClick={[Function]}
    />
    <Square
      key="7"
      onClick={[Function]}
    />
    <Square
      key="8"
      onClick={[Function]}
    />
  </div>
</div>
`;
